// Jest Snapshot v1, https://goo.gl/fbAQLP

exports[`Test de <GifgridItem /> Debe mostrar el componente correctamente  1`] = `
<div
  className="card animate__animated animate__fadeIn"
>
  <img
    alt="Un titulo"
    src="https://localhost/algo.jpg"
  />
  <div>
    <p>
      Un titulo
    </p>
  </div>
</div>
`;
